// Jest Snapshot v1, https://goo.gl/fbAQLP

exports[`should render the form 1`] = `
<div
  className="form-wrapper"
  id="gravity_form_1"
/>
`;
